// Jest Snapshot v1, https://goo.gl/fbAQLP

exports[`Bomb test renders as expected 1`] = `
<div>
  <p>
    tick
  </p>
</div>
`;
